------------

AMD, 5.15, host,vendor=GenuineIntel.

pmu is enabled
host_vendor=AuthenticAMD
qemu-system-x86_64: host doesn't support requested feature: vPMU
pmu_cap=0, kvm_pmu_disabled=0
version=0, pmc=0, fixed=0
host_vendor=AuthenticAMD
qemu-system-x86_64: host doesn't support requested feature: vPMU
pmu_cap=0, kvm_pmu_disabled=0
version=0, pmc=0, fixed=0
host_vendor=AuthenticAMD
qemu-system-x86_64: host doesn't support requested feature: vPMU
pmu_cap=0, kvm_pmu_disabled=0
version=0, pmc=0, fixed=0
host_vendor=AuthenticAMD
qemu-system-x86_64: host doesn't support requested feature: vPMU
pmu_cap=0, kvm_pmu_disabled=0
version=0, pmc=0, fixed=0

Panic.

------------

AMD, 5.15, host,vendor=GenuineIntel,-pmu.

pmu is disabled
pmu_cap=0, kvm_pmu_disabled=0
version=0, pmc=0, fixed=0
pmu_cap=0, kvm_pmu_disabled=0
version=0, pmc=0, fixed=0
pmu_cap=0, kvm_pmu_disabled=0
version=0, pmc=0, fixed=0
pmu_cap=0, kvm_pmu_disabled=0
version=0, pmc=0, fixed=0

Panic.

------------

AMD, 5.15, Skylake-Server,vendor=GenuineIntel.

pmu is disabled
pmu_cap=0, kvm_pmu_disabled=0
version=0, pmc=0, fixed=0
pmu_cap=0, kvm_pmu_disabled=0
version=0, pmc=0, fixed=0
pmu_cap=0, kvm_pmu_disabled=0
version=0, pmc=0, fixed=0
pmu_cap=0, kvm_pmu_disabled=0
version=0, pmc=0, fixed=0

[root@vm ~]# dmesg | grep Perf
[    0.323583] Performance Events: unsupported p6 CPU model 85 no PMU driver, software events only.
[    0.325785] NMI watchdog: Perf NMI watchdog permanently disabled

------------

AMD, 5.15, Skylake-Server,vendor=GenuineIntel,+pmu.

pmu is enabled
host_vendor=AuthenticAMD
qemu-system-x86_64: host doesn't support requested feature: vPMU
pmu_cap=0, kvm_pmu_disabled=0
version=0, pmc=0, fixed=0
host_vendor=AuthenticAMD
qemu-system-x86_64: host doesn't support requested feature: vPMU
pmu_cap=0, kvm_pmu_disabled=0
version=0, pmc=0, fixed=0
host_vendor=AuthenticAMD
qemu-system-x86_64: host doesn't support requested feature: vPMU
pmu_cap=0, kvm_pmu_disabled=0
version=0, pmc=0, fixed=0
host_vendor=AuthenticAMD
qemu-system-x86_64: host doesn't support requested feature: vPMU
pmu_cap=0, kvm_pmu_disabled=0
version=0, pmc=0, fixed=0

[root@vm ~]# dmesg | grep Perf
[    0.314706] Performance Events: unsupported p6 CPU model 85 no PMU driver, software events only.
[    0.316909] NMI watchdog: Perf NMI watchdog permanently disabled

------------

AMD, 5.15, Skylake-Server,vendor=GenuineIntel,-pmu.

pmu is disabled
pmu_cap=0, kvm_pmu_disabled=0
version=0, pmc=0, fixed=0
pmu_cap=0, kvm_pmu_disabled=0
version=0, pmc=0, fixed=0
pmu_cap=0, kvm_pmu_disabled=0
version=0, pmc=0, fixed=0
pmu_cap=0, kvm_pmu_disabled=0
version=0, pmc=0, fixed=0

[root@vm ~]# dmesg | grep Perf
[    0.325615] Performance Events: unsupported p6 CPU model 85 no PMU driver, software events only.
[    0.327810] NMI watchdog: Perf NMI watchdog permanently disabled

------------

AMD, 6.13, host,vendor=GenuineIntel.

Panic.

/sys/module/kvm/parameters/enable_pmu is Y
pmu is enabled
host_vendor=AuthenticAMD
qemu-system-x86_64: host doesn't support requested feature: vPMU
pmu_cap=1, kvm_pmu_disabled=0
version=0, pmc=0, fixed=0
host_vendor=AuthenticAMD
qemu-system-x86_64: host doesn't support requested feature: vPMU
pmu_cap=1, kvm_pmu_disabled=0
version=0, pmc=0, fixed=0
host_vendor=AuthenticAMD
qemu-system-x86_64: host doesn't support requested feature: vPMU
pmu_cap=1, kvm_pmu_disabled=0
version=0, pmc=0, fixed=0
host_vendor=AuthenticAMD
qemu-system-x86_64: host doesn't support requested feature: vPMU
pmu_cap=1, kvm_pmu_disabled=0
version=0, pmc=0, fixed=0

------------

AMD, 6.13, host,vendor=GenuineIntel,-pmu.

Panic.

/sys/module/kvm/parameters/enable_pmu is Y
pmu is disabled
pmu_cap=1, kvm_pmu_disabled=0
version=0, pmc=0, fixed=0
pmu_cap=1, kvm_pmu_disabled=0
version=0, pmc=0, fixed=0
pmu_cap=1, kvm_pmu_disabled=0
version=0, pmc=0, fixed=0
pmu_cap=1, kvm_pmu_disabled=0
version=0, pmc=0, fixed=0

------------

AMD, 6.13, Skylake-Server,vendor=GenuineIntel.

/sys/module/kvm/parameters/enable_pmu is Y
pmu is disabled
pmu_cap=1, kvm_pmu_disabled=0
version=0, pmc=0, fixed=0
pmu_cap=1, kvm_pmu_disabled=0
version=0, pmc=0, fixed=0
pmu_cap=1, kvm_pmu_disabled=0
version=0, pmc=0, fixed=0
pmu_cap=1, kvm_pmu_disabled=0
version=0, pmc=0, fixed=0

[root@vm ~]# dmesg | grep Perf
[    0.351016] Performance Events: unsupported p6 CPU model 85 no PMU driver, software events only.
[    0.354221] NMI watchdog: Perf NMI watchdog permanently disabled

------------

AMD, 6.13, Skylake-Server,vendor=GenuineIntel,+pmu.

/sys/module/kvm/parameters/enable_pmu is Y
pmu is enabled
host_vendor=AuthenticAMD
qemu-system-x86_64: host doesn't support requested feature: vPMU
pmu_cap=1, kvm_pmu_disabled=0
version=0, pmc=0, fixed=0
host_vendor=AuthenticAMD
qemu-system-x86_64: host doesn't support requested feature: vPMU
pmu_cap=1, kvm_pmu_disabled=0
version=0, pmc=0, fixed=0
host_vendor=AuthenticAMD
qemu-system-x86_64: host doesn't support requested feature: vPMU
pmu_cap=1, kvm_pmu_disabled=0
version=0, pmc=0, fixed=0
host_vendor=AuthenticAMD
qemu-system-x86_64: host doesn't support requested feature: vPMU
pmu_cap=1, kvm_pmu_disabled=0
version=0, pmc=0, fixed=0

[root@vm ~]# dmesg | grep Perf
[    0.349731] Performance Events: unsupported p6 CPU model 85 no PMU driver, software events only.
[    0.352930] NMI watchdog: Perf NMI watchdog permanently disabled

------------

AMD, 6.13, Skylake-Server,vendor=GenuineIntel,-pmu.

/sys/module/kvm/parameters/enable_pmu is Y
pmu is disabled
pmu_cap=1, kvm_pmu_disabled=0
version=0, pmc=0, fixed=0
pmu_cap=1, kvm_pmu_disabled=0
version=0, pmc=0, fixed=0
pmu_cap=1, kvm_pmu_disabled=0
version=0, pmc=0, fixed=0
pmu_cap=1, kvm_pmu_disabled=0
version=0, pmc=0, fixed=0

[root@vm ~]# dmesg | grep Perf
[    0.349789] Performance Events: unsupported p6 CPU model 85 no PMU driver, software events only.
[    0.352991] NMI watchdog: Perf NMI watchdog permanently disabled

------------

AMD, 6.13, host,vendor="CentaurHauls",+pmu

Hangs.

/sys/module/kvm/parameters/enable_pmu is Y
pmu is enabled
host_vendor=AuthenticAMD
qemu-system-x86_64: host doesn't support requested feature: vPMU
pmu_cap=1, kvm_pmu_disabled=0
version=0, pmc=0, fixed=0
host_vendor=AuthenticAMD
qemu-system-x86_64: host doesn't support requested feature: vPMU
pmu_cap=1, kvm_pmu_disabled=0
version=0, pmc=0, fixed=0
host_vendor=AuthenticAMD
qemu-system-x86_64: host doesn't support requested feature: vPMU
pmu_cap=1, kvm_pmu_disabled=0
version=0, pmc=0, fixed=0
host_vendor=AuthenticAMD
qemu-system-x86_64: host doesn't support requested feature: vPMU
pmu_cap=1, kvm_pmu_disabled=0
version=0, pmc=0, fixed=0

------------

AMD, 6.13, YongFeng,vendor="CentaurHauls",+pmu

/sys/module/kvm/parameters/enable_pmu is Y
pmu is enabled
host_vendor=AuthenticAMD
qemu-system-x86_64: host doesn't support requested feature: vPMU
pmu_cap=1, kvm_pmu_disabled=0
version=0, pmc=0, fixed=0
host_vendor=AuthenticAMD
qemu-system-x86_64: host doesn't support requested feature: vPMU
pmu_cap=1, kvm_pmu_disabled=0
version=0, pmc=0, fixed=0
host_vendor=AuthenticAMD
qemu-system-x86_64: host doesn't support requested feature: vPMU
pmu_cap=1, kvm_pmu_disabled=0
version=0, pmc=0, fixed=0
host_vendor=AuthenticAMD
qemu-system-x86_64: host doesn't support requested feature: vPMU
pmu_cap=1, kvm_pmu_disabled=0
version=0, pmc=0, fixed=0

[root@vm ~]# dmesg | grep Perf
[    0.339629] Performance Events: 
[    0.344834] NMI watchdog: Perf NMI watchdog permanently disabled

------------

AMD, 6.13 (enable_pmu=N), host,vendor=GenuineIntel.

Panic.

/sys/module/kvm/parameters/enable_pmu is N
pmu is enabled
qemu-system-x86_64: warning: Failed to enable PMU since KVM's enable_pmu parameter is disabled
PMU is disabled by module
pmu_cap=0, kvm_pmu_disabled=1
version=0, pmc=0, fixed=0
PMU is disabled by module
pmu_cap=0, kvm_pmu_disabled=1
version=0, pmc=0, fixed=0
PMU is disabled by module
pmu_cap=0, kvm_pmu_disabled=1
version=0, pmc=0, fixed=0
PMU is disabled by module
pmu_cap=0, kvm_pmu_disabled=1
version=0, pmc=0, fixed=0

------------

AMD, 6.13 (enable_pmu=N), host,vendor=GenuineIntel,-pmu.

Panic.

/sys/module/kvm/parameters/enable_pmu is N
pmu is disabled
PMU is disabled by module
pmu_cap=0, kvm_pmu_disabled=1
version=0, pmc=0, fixed=0
PMU is disabled by module
pmu_cap=0, kvm_pmu_disabled=1
version=0, pmc=0, fixed=0
PMU is disabled by module
pmu_cap=0, kvm_pmu_disabled=1
version=0, pmc=0, fixed=0
PMU is disabled by module
pmu_cap=0, kvm_pmu_disabled=1
version=0, pmc=0, fixed=0

------------

AMD, 6.13 (enable_pmu=N), Skylake-Server,vendor=GenuineIntel.

/sys/module/kvm/parameters/enable_pmu is N
pmu is disabled
PMU is disabled by module
pmu_cap=0, kvm_pmu_disabled=1
version=0, pmc=0, fixed=0
PMU is disabled by module
pmu_cap=0, kvm_pmu_disabled=1
version=0, pmc=0, fixed=0
PMU is disabled by module
pmu_cap=0, kvm_pmu_disabled=1
version=0, pmc=0, fixed=0
PMU is disabled by module
pmu_cap=0, kvm_pmu_disabled=1
version=0, pmc=0, fixed=0

[root@vm ~]# dmesg | grep Perf
[    0.348532] Performance Events: unsupported p6 CPU model 85 no PMU driver, software events only.
[    0.351728] NMI watchdog: Perf NMI watchdog permanently disabled

------------

AMD, 6.13 (enable_pmu=N), Skylake-Server,vendor=GenuineIntel,+pmu.

/sys/module/kvm/parameters/enable_pmu is N
pmu is enabled
qemu-system-x86_64: warning: Failed to enable PMU since KVM's enable_pmu parameter is disabled
PMU is disabled by module
pmu_cap=0, kvm_pmu_disabled=1
version=0, pmc=0, fixed=0
PMU is disabled by module
pmu_cap=0, kvm_pmu_disabled=1
version=0, pmc=0, fixed=0
PMU is disabled by module
pmu_cap=0, kvm_pmu_disabled=1
version=0, pmc=0, fixed=0
PMU is disabled by module
pmu_cap=0, kvm_pmu_disabled=1
version=0, pmc=0, fixed=0

[root@vm ~]# dmesg | grep Perf
[    0.347968] Performance Events: unsupported p6 CPU model 85 no PMU driver, software events only.
[    0.351170] NMI watchdog: Perf NMI watchdog permanently disabled

------------

AMD, 6.13 (enable_pmu=N), Skylake-Server,vendor=GenuineIntel,-pmu.

/sys/module/kvm/parameters/enable_pmu is N
pmu is disabled
PMU is disabled by module
pmu_cap=0, kvm_pmu_disabled=1
version=0, pmc=0, fixed=0
PMU is disabled by module
pmu_cap=0, kvm_pmu_disabled=1
version=0, pmc=0, fixed=0
PMU is disabled by module
pmu_cap=0, kvm_pmu_disabled=1
version=0, pmc=0, fixed=0
PMU is disabled by module
pmu_cap=0, kvm_pmu_disabled=1
version=0, pmc=0, fixed=0

[root@vm ~]# dmesg | grep Perf
[    0.350321] Performance Events: unsupported p6 CPU model 85 no PMU driver, software events only.
[    0.353525] NMI watchdog: Perf NMI watchdog permanently disabled

------------
