------------

Intel, 5.15, host.

pmu is enabled
host_vendor=GenuineIntel
vendor compatible!
pmu_cap=0, kvm_pmu_disabled=0
version=2, pmc=8, fixed=3
host_vendor=GenuineIntel
vendor compatible!
pmu_cap=0, kvm_pmu_disabled=0
version=2, pmc=8, fixed=3
host_vendor=GenuineIntel
vendor compatible!
pmu_cap=0, kvm_pmu_disabled=0
version=2, pmc=8, fixed=3
host_vendor=GenuineIntel
vendor compatible!
pmu_cap=0, kvm_pmu_disabled=0
version=2, pmc=8, fixed=3
kvm_put_msrs() reset Intel or Zhaoxin
kvm_put_msrs() reset Intel or Zhaoxin
kvm_put_msrs() reset Intel or Zhaoxin
kvm_put_msrs() reset Intel or Zhaoxin
kvm_get_msrs() reset Intel or Zhaoxin
kvm_get_msrs() reset Intel or Zhaoxin
kvm_get_msrs() reset Intel or Zhaoxin
kvm_get_msrs() reset Intel or Zhaoxin
kvm_put_msrs() reset Intel or Zhaoxin
kvm_put_msrs() reset Intel or Zhaoxin
kvm_put_msrs() reset Intel or Zhaoxin
kvm_put_msrs() reset Intel or Zhaoxin
kvm_get_msrs() reset Intel or Zhaoxin

[    0.251771] Performance Events: Icelake events, full-width counters, Intel PMU driver.

[root@vm ~]# cpuid -1 -l 0xa
CPU:
   Architecture Performance Monitoring Features (0xa):
      version ID                               = 0x2 (2)
      number of counters per logical processor = 0x8 (8)
      bit width of counter                     = 0x30 (48)
      length of EBX bit vector                 = 0x8 (8)
... ...
      number of contiguous fixed counters      = 0x3 (3)
      bit width of fixed counters              = 0x30 (48)
      anythread deprecation                    = true

------------

Intel, 5.15, host,-pmu.

pmu is disabled
pmu_cap=0, kvm_pmu_disabled=0
version=0, pmc=0, fixed=0
pmu_cap=0, kvm_pmu_disabled=0
version=0, pmc=0, fixed=0
pmu_cap=0, kvm_pmu_disabled=0
version=0, pmc=0, fixed=0
pmu_cap=0, kvm_pmu_disabled=0
version=0, pmc=0, fixed=0

[    0.247623] Performance Events: unsupported p6 CPU model 106 no PMU driver, software events only.
[    0.249682] NMI watchdog: Perf NMI watchdog permanently disabled

[root@vm ~]# cpuid -1 -l 0xa
CPU:
   Architecture Performance Monitoring Features (0xa):
      version ID                               = 0x0 (0)
      number of counters per logical processor = 0x0 (0)
      bit width of counter                     = 0x0 (0)
      length of EBX bit vector                 = 0x0 (0)
... ...
      number of contiguous fixed counters      = 0x0 (0)
      bit width of fixed counters              = 0x0 (0)
      anythread deprecation                    = false

------------

Intel, 5.15, EPYC.

pmu is disabled
pmu_cap=0, kvm_pmu_disabled=0
version=0, pmc=0, fixed=0
pmu_cap=0, kvm_pmu_disabled=0
version=0, pmc=0, fixed=0
pmu_cap=0, kvm_pmu_disabled=0
version=0, pmc=0, fixed=0
pmu_cap=0, kvm_pmu_disabled=0
version=0, pmc=0, fixed=0

[    0.359563] Performance Events: no PMU driver, software events only.
[    0.362623] NMI watchdog: Perf NMI watchdog permanently disabled

[root@vm ~]# cpuid -1 -l 0xa
CPU:
   Architecture Performance Monitoring Features (0xa):
      version ID                               = 0x0 (0)
      number of counters per logical processor = 0x0 (0)
      bit width of counter                     = 0x0 (0)
      length of EBX bit vector                 = 0x0 (0)
... ...
      number of contiguous fixed counters      = 0x0 (0)
      bit width of fixed counters              = 0x0 (0)
      anythread deprecation                    = false

------------

Intel, 5.15, EPYC,+pmu.

pmu is enabled
host_vendor=GenuineIntel
vendor compatible!
pmu_cap=0, kvm_pmu_disabled=0
version=2, pmc=8, fixed=3
host_vendor=GenuineIntel
vendor compatible!
pmu_cap=0, kvm_pmu_disabled=0
version=2, pmc=8, fixed=3
host_vendor=GenuineIntel
vendor compatible!
pmu_cap=0, kvm_pmu_disabled=0
version=2, pmc=8, fixed=3
host_vendor=GenuineIntel
vendor compatible!
pmu_cap=0, kvm_pmu_disabled=0
version=2, pmc=8, fixed=3
kvm_put_msrs() reset Intel or Zhaoxin
kvm_put_msrs() reset Intel or Zhaoxin
kvm_put_msrs() reset Intel or Zhaoxin
kvm_put_msrs() reset Intel or Zhaoxin
kvm_get_msrs() reset Intel or Zhaoxin
kvm_get_msrs() reset Intel or Zhaoxin
kvm_get_msrs() reset Intel or Zhaoxin
kvm_get_msrs() reset Intel or Zhaoxin
kvm_put_msrs() reset Intel or Zhaoxin
kvm_put_msrs() reset Intel or Zhaoxin
kvm_put_msrs() reset Intel or Zhaoxin
kvm_put_msrs() reset Intel or Zhaoxin
kvm_get_msrs() reset Intel or Zhaoxin

[    0.359423] Performance Events: generic architected perfmon, Intel PMU driver.

[root@vm ~]# cpuid -1 -l 0xa
CPU:
   Architecture Performance Monitoring Features (0xa):
      version ID                               = 0x2 (2)
      number of counters per logical processor = 0x8 (8)
      bit width of counter                     = 0x30 (48)
      length of EBX bit vector                 = 0x8 (8)
... ...
      number of contiguous fixed counters      = 0x3 (3)
      bit width of fixed counters              = 0x30 (48)
      anythread deprecation                    = true

------------

Intel, 5.15, EPYC,-pmu.

pmu is disabled
pmu_cap=0, kvm_pmu_disabled=0
version=0, pmc=0, fixed=0
pmu_cap=0, kvm_pmu_disabled=0
version=0, pmc=0, fixed=0
pmu_cap=0, kvm_pmu_disabled=0
version=0, pmc=0, fixed=0
pmu_cap=0, kvm_pmu_disabled=0
version=0, pmc=0, fixed=0

[    0.358940] Performance Events: no PMU driver, software events only.
[    0.362001] NMI watchdog: Perf NMI watchdog permanently disabled

[root@vm ~]# cpuid -1 -l 0xa
CPU:
   Architecture Performance Monitoring Features (0xa):
      version ID                               = 0x0 (0)
      number of counters per logical processor = 0x0 (0)
      bit width of counter                     = 0x0 (0)
      length of EBX bit vector                 = 0x0 (0)
... ...
      number of contiguous fixed counters      = 0x0 (0)
      bit width of fixed counters              = 0x0 (0)
      anythread deprecation                    = false

------------

Intel, 6.13, host.

/sys/module/kvm/parameters/enable_pmu is Y
pmu is enabled
host_vendor=GenuineIntel
vendor compatible!
pmu_cap=1, kvm_pmu_disabled=0
version=2, pmc=8, fixed=3
host_vendor=GenuineIntel
vendor compatible!
pmu_cap=1, kvm_pmu_disabled=0
version=2, pmc=8, fixed=3
host_vendor=GenuineIntel
vendor compatible!
pmu_cap=1, kvm_pmu_disabled=0
version=2, pmc=8, fixed=3
host_vendor=GenuineIntel
vendor compatible!
pmu_cap=1, kvm_pmu_disabled=0
version=2, pmc=8, fixed=3
kvm_put_msrs() reset Intel or Zhaoxin
kvm_put_msrs() reset Intel or Zhaoxin
kvm_put_msrs() reset Intel or Zhaoxin
kvm_put_msrs() reset Intel or Zhaoxin
kvm_get_msrs() reset Intel or Zhaoxin
kvm_get_msrs() reset Intel or Zhaoxin
kvm_get_msrs() reset Intel or Zhaoxin
kvm_get_msrs() reset Intel or Zhaoxin
kvm_put_msrs() reset Intel or Zhaoxin
kvm_put_msrs() reset Intel or Zhaoxin
kvm_put_msrs() reset Intel or Zhaoxin
kvm_put_msrs() reset Intel or Zhaoxin
kvm_get_msrs() reset Intel or Zhaoxin

[    0.255397] Performance Events: PEBS fmt0-, Icelake events, full-width counters, Intel PMU driver.

[root@vm ~]# cpuid -1 -l 0xa
CPU:
   Architecture Performance Monitoring Features (0xa):
      version ID                               = 0x2 (2)
      number of counters per logical processor = 0x8 (8)
      bit width of counter                     = 0x30 (48)
      length of EBX bit vector                 = 0x8 (8)
... ...
      number of contiguous fixed counters      = 0x3 (3)
      bit width of fixed counters              = 0x30 (48)
      anythread deprecation                    = true

------------

Intel, 6.13, host,-pmu.

/sys/module/kvm/parameters/enable_pmu is Y
pmu is disabled
pmu_cap=1, kvm_pmu_disabled=0
version=0, pmc=0, fixed=0
pmu_cap=1, kvm_pmu_disabled=0
version=0, pmc=0, fixed=0
pmu_cap=1, kvm_pmu_disabled=0
version=0, pmc=0, fixed=0
pmu_cap=1, kvm_pmu_disabled=0
version=0, pmc=0, fixed=0

[    0.252475] Performance Events: unsupported p6 CPU model 106 no PMU driver, software events only.
[    0.254537] NMI watchdog: Perf NMI watchdog permanently disabled

[root@vm ~]# cpuid -1 -l 0xa
CPU:
   Architecture Performance Monitoring Features (0xa):
      version ID                               = 0x0 (0)
      number of counters per logical processor = 0x0 (0)
      bit width of counter                     = 0x0 (0)
      length of EBX bit vector                 = 0x0 (0)
... ...
      number of contiguous fixed counters      = 0x0 (0)
      bit width of fixed counters              = 0x0 (0)
      anythread deprecation                    = false

------------

Intel, 6.13, EPYC.

/sys/module/kvm/parameters/enable_pmu is Y
pmu is disabled
pmu_cap=1, kvm_pmu_disabled=0
version=0, pmc=0, fixed=0
pmu_cap=1, kvm_pmu_disabled=0
version=0, pmc=0, fixed=0
pmu_cap=1, kvm_pmu_disabled=0
version=0, pmc=0, fixed=0
pmu_cap=1, kvm_pmu_disabled=0
version=0, pmc=0, fixed=0

[    0.339291] Performance Events: no PMU driver, software events only.
[    0.342349] NMI watchdog: Perf NMI watchdog permanently disabled

[root@vm ~]# cpuid -1 -l 0xa
CPU:
   Architecture Performance Monitoring Features (0xa):
      version ID                               = 0x0 (0)
      number of counters per logical processor = 0x0 (0)
      bit width of counter                     = 0x0 (0)
      length of EBX bit vector                 = 0x0 (0)
... ...
      number of contiguous fixed counters      = 0x0 (0)
      bit width of fixed counters              = 0x0 (0)
      anythread deprecation                    = false

------------

Intel, 6.13, EPYC,+pmu.

/sys/module/kvm/parameters/enable_pmu is Y
pmu is enabled
host_vendor=GenuineIntel
vendor compatible!
pmu_cap=1, kvm_pmu_disabled=0
version=2, pmc=8, fixed=3
host_vendor=GenuineIntel
vendor compatible!
pmu_cap=1, kvm_pmu_disabled=0
version=2, pmc=8, fixed=3
host_vendor=GenuineIntel
vendor compatible!
pmu_cap=1, kvm_pmu_disabled=0
version=2, pmc=8, fixed=3
host_vendor=GenuineIntel
vendor compatible!
pmu_cap=1, kvm_pmu_disabled=0
version=2, pmc=8, fixed=3
kvm_put_msrs() reset Intel or Zhaoxin
kvm_put_msrs() reset Intel or Zhaoxin
kvm_put_msrs() reset Intel or Zhaoxin
kvm_put_msrs() reset Intel or Zhaoxin
kvm_get_msrs() reset Intel or Zhaoxin
kvm_get_msrs() reset Intel or Zhaoxin
kvm_get_msrs() reset Intel or Zhaoxin
kvm_get_msrs() reset Intel or Zhaoxin
kvm_put_msrs() reset Intel or Zhaoxin
kvm_put_msrs() reset Intel or Zhaoxin
kvm_put_msrs() reset Intel or Zhaoxin
kvm_put_msrs() reset Intel or Zhaoxin
kvm_get_msrs() reset Intel or Zhaoxin

[    0.338808] Performance Events: generic architected perfmon, Intel PMU driver.

[root@vm ~]# cpuid -1 -l 0xa
CPU:
   Architecture Performance Monitoring Features (0xa):
      version ID                               = 0x2 (2)
      number of counters per logical processor = 0x8 (8)
      bit width of counter                     = 0x30 (48)
      length of EBX bit vector                 = 0x8 (8)
... ...
      number of contiguous fixed counters      = 0x3 (3)
      bit width of fixed counters              = 0x30 (48)
      anythread deprecation                    = true

------------

Intel, 6.13, EPYC,-pmu.

/sys/module/kvm/parameters/enable_pmu is Y
pmu is disabled
pmu_cap=1, kvm_pmu_disabled=0
version=0, pmc=0, fixed=0
pmu_cap=1, kvm_pmu_disabled=0
version=0, pmc=0, fixed=0
pmu_cap=1, kvm_pmu_disabled=0
version=0, pmc=0, fixed=0
pmu_cap=1, kvm_pmu_disabled=0
version=0, pmc=0, fixed=0

[    0.338805] Performance Events: no PMU driver, software events only.
[    0.341862] NMI watchdog: Perf NMI watchdog permanently disabled

[root@vm ~]# cpuid -1 -l 0xa
CPU:
   Architecture Performance Monitoring Features (0xa):
      version ID                               = 0x0 (0)
      number of counters per logical processor = 0x0 (0)
      bit width of counter                     = 0x0 (0)
      length of EBX bit vector                 = 0x0 (0)
... ...
      number of contiguous fixed counters      = 0x0 (0)
      bit width of fixed counters              = 0x0 (0)
      anythread deprecation                    = false

------------

Intel, 6.13 (enable_pmu=N), host.

/sys/module/kvm/parameters/enable_pmu is N
pmu is enabled
qemu-system-x86_64: warning: Failed to enable PMU since KVM's enable_pmu parameter is disabled
PMU is disabled by module
pmu_cap=0, kvm_pmu_disabled=1
version=0, pmc=0, fixed=0
PMU is disabled by module
pmu_cap=0, kvm_pmu_disabled=1
version=0, pmc=0, fixed=0
PMU is disabled by module
pmu_cap=0, kvm_pmu_disabled=1
version=0, pmc=0, fixed=0
PMU is disabled by module
pmu_cap=0, kvm_pmu_disabled=1
version=0, pmc=0, fixed=0

[    0.254530] Performance Events: unsupported p6 CPU model 106 no PMU driver, software events only.
[    0.256596] NMI watchdog: Perf NMI watchdog permanently disabled

[root@vm ~]# cpuid -1 -l 0xa
CPU:
   Architecture Performance Monitoring Features (0xa):
      version ID                               = 0x0 (0)
      number of counters per logical processor = 0x0 (0)
      bit width of counter                     = 0x0 (0)
      length of EBX bit vector                 = 0x0 (0)
... ...
      number of contiguous fixed counters      = 0x0 (0)
      bit width of fixed counters              = 0x0 (0)
      anythread deprecation                    = false

------------

Intel, 6.13 (enable_pmu=N), host,-pmu.

/sys/module/kvm/parameters/enable_pmu is N
pmu is disabled
PMU is disabled by module
pmu_cap=0, kvm_pmu_disabled=1
version=0, pmc=0, fixed=0
PMU is disabled by module
pmu_cap=0, kvm_pmu_disabled=1
version=0, pmc=0, fixed=0
PMU is disabled by module
pmu_cap=0, kvm_pmu_disabled=1
version=0, pmc=0, fixed=0
PMU is disabled by module
pmu_cap=0, kvm_pmu_disabled=1
version=0, pmc=0, fixed=0

[    0.258247] Performance Events: unsupported p6 CPU model 106 no PMU driver, software events only.
[    0.260307] NMI watchdog: Perf NMI watchdog permanently disabled

[root@vm ~]# cpuid -1 -l 0xa
CPU:
   Architecture Performance Monitoring Features (0xa):
      version ID                               = 0x0 (0)
      number of counters per logical processor = 0x0 (0)
      bit width of counter                     = 0x0 (0)
      length of EBX bit vector                 = 0x0 (0)
... ...
      number of contiguous fixed counters      = 0x0 (0)
      bit width of fixed counters              = 0x0 (0)
      anythread deprecation                    = false

------------

Intel, 6.13 (enable_pmu=N), EPYC.

/sys/module/kvm/parameters/enable_pmu is N
pmu is disabled
PMU is disabled by module
pmu_cap=0, kvm_pmu_disabled=1
version=0, pmc=0, fixed=0
PMU is disabled by module
pmu_cap=0, kvm_pmu_disabled=1
version=0, pmc=0, fixed=0
PMU is disabled by module
pmu_cap=0, kvm_pmu_disabled=1
version=0, pmc=0, fixed=0
PMU is disabled by module
pmu_cap=0, kvm_pmu_disabled=1
version=0, pmc=0, fixed=0

[    0.339309] Performance Events: no PMU driver, software events only.
[    0.342369] NMI watchdog: Perf NMI watchdog permanently disabled

[root@vm ~]# cpuid -1 -l 0xa
CPU:
   Architecture Performance Monitoring Features (0xa):
      version ID                               = 0x0 (0)
      number of counters per logical processor = 0x0 (0)
      bit width of counter                     = 0x0 (0)
      length of EBX bit vector                 = 0x0 (0)
... ...
      number of contiguous fixed counters      = 0x0 (0)
      bit width of fixed counters              = 0x0 (0)
      anythread deprecation                    = false

------------

Intel, 6.13 (enable_pmu=N), EPYC,+pmu.

/sys/module/kvm/parameters/enable_pmu is N
pmu is enabled
qemu-system-x86_64: warning: Failed to enable PMU since KVM's enable_pmu parameter is disabled
PMU is disabled by module
pmu_cap=0, kvm_pmu_disabled=1
version=0, pmc=0, fixed=0
PMU is disabled by module
pmu_cap=0, kvm_pmu_disabled=1
version=0, pmc=0, fixed=0
PMU is disabled by module
pmu_cap=0, kvm_pmu_disabled=1
version=0, pmc=0, fixed=0
PMU is disabled by module
pmu_cap=0, kvm_pmu_disabled=1
version=0, pmc=0, fixed=0

[    0.339760] Performance Events: no PMU driver, software events only.
[    0.342818] NMI watchdog: Perf NMI watchdog permanently disabled

[root@vm ~]# cpuid -1 -l 0xa
CPU:
   Architecture Performance Monitoring Features (0xa):
      version ID                               = 0x0 (0)
      number of counters per logical processor = 0x0 (0)
      bit width of counter                     = 0x0 (0)
      length of EBX bit vector                 = 0x0 (0)
... ...
      number of contiguous fixed counters      = 0x0 (0)
      bit width of fixed counters              = 0x0 (0)
      anythread deprecation                    = false

------------

Intel, 6.13 (enable_pmu=N), EPYC,-pmu.

/sys/module/kvm/parameters/enable_pmu is N
pmu is disabled
PMU is disabled by module
pmu_cap=0, kvm_pmu_disabled=1
version=0, pmc=0, fixed=0
PMU is disabled by module
pmu_cap=0, kvm_pmu_disabled=1
version=0, pmc=0, fixed=0
PMU is disabled by module
pmu_cap=0, kvm_pmu_disabled=1
version=0, pmc=0, fixed=0
PMU is disabled by module
pmu_cap=0, kvm_pmu_disabled=1
version=0, pmc=0, fixed=0

[    0.342039] Performance Events: no PMU driver, software events only.
[    0.345098] NMI watchdog: Perf NMI watchdog permanently disabled

[root@vm ~]# cpuid -1 -l 0xa
CPU:
   Architecture Performance Monitoring Features (0xa):
      version ID                               = 0x0 (0)
      number of counters per logical processor = 0x0 (0)
      bit width of counter                     = 0x0 (0)
      length of EBX bit vector                 = 0x0 (0)
... ...
      number of contiguous fixed counters      = 0x0 (0)
      bit width of fixed counters              = 0x0 (0)
      anythread deprecation                    = false

------------
