------------

Intel, 5.15, host.

orabug: IS compatible!
orabug: pmu_cap=0
orabug: version=2, pmc=8, fixed=3
orabug: IS compatible!
orabug: pmu_cap=0
orabug: version=2, pmc=8, fixed=3
orabug: IS compatible!
orabug: pmu_cap=0
orabug: version=2, pmc=8, fixed=3
orabug: IS compatible!
orabug: pmu_cap=0
orabug: version=2, pmc=8, fixed=3
orabug: kvm_put_msrs() reset Intel or Zhaoxin level=3
orabug: kvm_put_msrs() reset Intel or Zhaoxin level=3
orabug: kvm_put_msrs() reset Intel or Zhaoxin level=3
orabug: kvm_put_msrs() reset Intel or Zhaoxin level=3
orabug: kvm_get_msrs() reset Intel or Zhaoxin
orabug: kvm_get_msrs() reset Intel or Zhaoxin
orabug: kvm_get_msrs() reset Intel or Zhaoxin
orabug: kvm_get_msrs() reset Intel or Zhaoxin

[    0.244942] Performance Events: Icelake events, full-width counters, Intel PMU driver.

[root@vm ~]# cpuid -1 -l 0xa
CPU:
   Architecture Performance Monitoring Features (0xa):
      version ID                               = 0x2 (2)
      number of counters per logical processor = 0x8 (8)
      bit width of counter                     = 0x30 (48)
      length of EBX bit vector                 = 0x8 (8)
      number of contiguous fixed counters      = 0x3 (3)
      bit width of fixed counters              = 0x30 (48)
      anythread deprecation                    = true

------------

Intel, 5.15, host,-pmu.

orabug: pmu_cap=0
orabug: version=0, pmc=0, fixed=0
orabug: pmu_cap=0
orabug: version=0, pmc=0, fixed=0
orabug: pmu_cap=0
orabug: version=0, pmc=0, fixed=0
orabug: pmu_cap=0
orabug: version=0, pmc=0, fixed=0

[    0.250809] Performance Events: unsupported p6 CPU model 106 no PMU driver, software events only.
[    0.252870] NMI watchdog: Perf NMI watchdog permanently disabled

[root@vm ~]# cpuid -1 -l 0xa
CPU:
   Architecture Performance Monitoring Features (0xa):
      version ID                               = 0x0 (0)
      number of counters per logical processor = 0x0 (0)
      bit width of counter                     = 0x0 (0)
      length of EBX bit vector                 = 0x0 (0)
      number of contiguous fixed counters      = 0x0 (0)
      bit width of fixed counters              = 0x0 (0)
      anythread deprecation                    = false

------------

Intel, 5.15, EPYC.

orabug: pmu_cap=0
orabug: version=0, pmc=0, fixed=0
orabug: pmu_cap=0
orabug: version=0, pmc=0, fixed=0
orabug: pmu_cap=0
orabug: version=0, pmc=0, fixed=0
orabug: pmu_cap=0
orabug: version=0, pmc=0, fixed=0

[    0.356103] Performance Events: no PMU driver, software events only.
[    0.359160] NMI watchdog: Perf NMI watchdog permanently disabled

[root@vm ~]# cpuid -1 -l 0xa
CPU:
   Architecture Performance Monitoring Features (0xa):
      version ID                               = 0x0 (0)
      number of counters per logical processor = 0x0 (0)
      bit width of counter                     = 0x0 (0)
      length of EBX bit vector                 = 0x0 (0)
      number of contiguous fixed counters      = 0x0 (0)
      bit width of fixed counters              = 0x0 (0)
      anythread deprecation                    = false

------------

Intel, 5.15, EPYC,+pmu.

orabug: IS compatible!
orabug: pmu_cap=0
orabug: version=2, pmc=8, fixed=3
orabug: IS compatible!
orabug: pmu_cap=0
orabug: version=2, pmc=8, fixed=3
orabug: IS compatible!
orabug: pmu_cap=0
orabug: version=2, pmc=8, fixed=3
orabug: IS compatible!
orabug: pmu_cap=0
orabug: version=2, pmc=8, fixed=3
orabug: kvm_put_msrs() reset Intel or Zhaoxin level=3
orabug: kvm_put_msrs() reset Intel or Zhaoxin level=3
orabug: kvm_put_msrs() reset Intel or Zhaoxin level=3
orabug: kvm_put_msrs() reset Intel or Zhaoxin level=3
orabug: kvm_get_msrs() reset Intel or Zhaoxin
orabug: kvm_get_msrs() reset Intel or Zhaoxin
orabug: kvm_get_msrs() reset Intel or Zhaoxin
orabug: kvm_get_msrs() reset Intel or Zhaoxin

[    0.360110] Performance Events: generic architected perfmon, Intel PMU driver.

[root@vm ~]# cpuid -1 -l 0xa
CPU:
   Architecture Performance Monitoring Features (0xa):
      version ID                               = 0x2 (2)
      number of counters per logical processor = 0x8 (8)
      bit width of counter                     = 0x30 (48)
      length of EBX bit vector                 = 0x8 (8)
      number of contiguous fixed counters      = 0x3 (3)
      bit width of fixed counters              = 0x30 (48)
      anythread deprecation                    = true

------------

Intel, 5.15, EPYC,-pmu.

orabug: pmu_cap=0
orabug: version=0, pmc=0, fixed=0
orabug: pmu_cap=0
orabug: version=0, pmc=0, fixed=0
orabug: pmu_cap=0
orabug: version=0, pmc=0, fixed=0
orabug: pmu_cap=0
orabug: version=0, pmc=0, fixed=0

[    0.357509] Performance Events: no PMU driver, software events only.
[    0.360568] NMI watchdog: Perf NMI watchdog permanently disabled

[root@vm ~]# cpuid -1 -l 0xa
CPU:
   Architecture Performance Monitoring Features (0xa):
      version ID                               = 0x0 (0)
      number of counters per logical processor = 0x0 (0)
      bit width of counter                     = 0x0 (0)
      length of EBX bit vector                 = 0x0 (0)
      number of contiguous fixed counters      = 0x0 (0)
      bit width of fixed counters              = 0x0 (0)
      anythread deprecation                    = false

------------

Intel, 6.13, host.

orabug: IS compatible!
orabug: pmu_cap=1
orabug: version=2, pmc=8, fixed=3
orabug: IS compatible!
orabug: pmu_cap=1
orabug: version=2, pmc=8, fixed=3
orabug: IS compatible!
orabug: pmu_cap=1
orabug: version=2, pmc=8, fixed=3
orabug: IS compatible!
orabug: pmu_cap=1
orabug: version=2, pmc=8, fixed=3
orabug: kvm_get_msrs() reset Intel or Zhaoxin
orabug: kvm_get_msrs() reset Intel or Zhaoxin
orabug: kvm_get_msrs() reset Intel or Zhaoxin
orabug: kvm_get_msrs() reset Intel or Zhaoxin
orabug: kvm_put_msrs() reset Intel or Zhaoxin
orabug: kvm_put_msrs() reset Intel or Zhaoxin
orabug: kvm_put_msrs() reset Intel or Zhaoxin
orabug: kvm_put_msrs() reset Intel or Zhaoxin

[    0.250359] Performance Events: PEBS fmt0-, Icelake events, full-width counters, Intel PMU driver.

[root@vm ~]# cpuid -1 -l 0xa
CPU:
   Architecture Performance Monitoring Features (0xa):
      version ID                               = 0x2 (2)
      number of counters per logical processor = 0x8 (8)
      bit width of counter                     = 0x30 (48)
      length of EBX bit vector                 = 0x8 (8)
      number of contiguous fixed counters      = 0x3 (3)
      bit width of fixed counters              = 0x30 (48)
      anythread deprecation                    = true

------------

Intel, 6.13, host,-pmu.

orabug: pmu_cap=1
orabug: version=0, pmc=0, fixed=0
orabug: pmu_cap=1
orabug: version=0, pmc=0, fixed=0
orabug: pmu_cap=1
orabug: version=0, pmc=0, fixed=0
orabug: pmu_cap=1
orabug: version=0, pmc=0, fixed=0

[    0.253512] Performance Events: unsupported p6 CPU model 106 no PMU driver, software events only.
[    0.255577] NMI watchdog: Perf NMI watchdog permanently disabled

[root@vm ~]# cpuid -1 -l 0xa
CPU:
   Architecture Performance Monitoring Features (0xa):
      version ID                               = 0x0 (0)
      number of counters per logical processor = 0x0 (0)
      bit width of counter                     = 0x0 (0)
      length of EBX bit vector                 = 0x0 (0)
      number of contiguous fixed counters      = 0x0 (0)
      bit width of fixed counters              = 0x0 (0)
      anythread deprecation                    = false

------------

Intel, 6.13, EPYC.

orabug: pmu_cap=1
orabug: version=0, pmc=0, fixed=0
orabug: pmu_cap=1
orabug: version=0, pmc=0, fixed=0
orabug: pmu_cap=1
orabug: version=0, pmc=0, fixed=0
orabug: pmu_cap=1
orabug: version=0, pmc=0, fixed=0

[    0.336823] Performance Events: no PMU driver, software events only.
[    0.339884] NMI watchdog: Perf NMI watchdog permanently disabled

[root@vm ~]# cpuid -1 -l 0xa
CPU:
   Architecture Performance Monitoring Features (0xa):
      version ID                               = 0x0 (0)
      number of counters per logical processor = 0x0 (0)
      bit width of counter                     = 0x0 (0)
      length of EBX bit vector                 = 0x0 (0)
      number of contiguous fixed counters      = 0x0 (0)
      bit width of fixed counters              = 0x0 (0)
      anythread deprecation                    = false

------------

Intel, 6.13, EPYC,+pmu.

orabug: IS compatible!
orabug: pmu_cap=1
orabug: version=2, pmc=8, fixed=3
orabug: IS compatible!
orabug: pmu_cap=1
orabug: version=2, pmc=8, fixed=3
orabug: IS compatible!
orabug: pmu_cap=1
orabug: version=2, pmc=8, fixed=3
orabug: IS compatible!
orabug: pmu_cap=1
orabug: version=2, pmc=8, fixed=3
orabug: kvm_get_msrs() reset Intel or Zhaoxin
orabug: kvm_get_msrs() reset Intel or Zhaoxin
orabug: kvm_get_msrs() reset Intel or Zhaoxin
orabug: kvm_get_msrs() reset Intel or Zhaoxin
orabug: kvm_put_msrs() reset Intel or Zhaoxin
orabug: kvm_put_msrs() reset Intel or Zhaoxin
orabug: kvm_put_msrs() reset Intel or Zhaoxin
orabug: kvm_put_msrs() reset Intel or Zhaoxin

[    0.339852] Performance Events: generic architected perfmon, Intel PMU driver.

[root@vm ~]# cpuid -1 -l 0xa
CPU:
   Architecture Performance Monitoring Features (0xa):
      version ID                               = 0x2 (2)
      number of counters per logical processor = 0x8 (8)
      bit width of counter                     = 0x30 (48)
      length of EBX bit vector                 = 0x8 (8)
      number of contiguous fixed counters      = 0x3 (3)
      bit width of fixed counters              = 0x30 (48)
      anythread deprecation                    = true

------------

Intel, 6.13, EPYC,-pmu.

orabug: pmu_cap=1
orabug: version=0, pmc=0, fixed=0
orabug: pmu_cap=1
orabug: version=0, pmc=0, fixed=0
orabug: pmu_cap=1
orabug: version=0, pmc=0, fixed=0
orabug: pmu_cap=1
orabug: version=0, pmc=0, fixed=0

[    0.338623] Performance Events: no PMU driver, software events only.
[    0.341683] NMI watchdog: Perf NMI watchdog permanently disabled

[root@vm ~]# cpuid -1 -l 0xa
CPU:
   Architecture Performance Monitoring Features (0xa):
      version ID                               = 0x0 (0)
      number of counters per logical processor = 0x0 (0)
      bit width of counter                     = 0x0 (0)
      length of EBX bit vector                 = 0x0 (0)
      number of contiguous fixed counters      = 0x0 (0)
      bit width of fixed counters              = 0x0 (0)
      anythread deprecation                    = false

------------

Intel, 6.13 (enable_pmu=N), host.

orabug: /sys/module/kvm/parameters/enable_pmu is N
qemu-system-x86_64: Failed to enable PMU since KVM's enable_pmu parameter is disabled

------------

Intel, 6.13 (enable_pmu=N), host,-pmu.

orabug: /sys/module/kvm/parameters/enable_pmu is N
orabug: pmu_cap=0
orabug: version=0, pmc=0, fixed=0
orabug: pmu_cap=0
orabug: version=0, pmc=0, fixed=0
orabug: pmu_cap=0
orabug: version=0, pmc=0, fixed=0
orabug: pmu_cap=0
orabug: version=0, pmc=0, fixed=0

[    0.254197] Performance Events: unsupported p6 CPU model 106 no PMU driver, software events only.
[    0.256265] NMI watchdog: Perf NMI watchdog permanently disabled

[root@vm ~]# cpuid -1 -l 0xa
CPU:
   Architecture Performance Monitoring Features (0xa):
      version ID                               = 0x0 (0)
      number of counters per logical processor = 0x0 (0)
      bit width of counter                     = 0x0 (0)
      length of EBX bit vector                 = 0x0 (0)
      number of contiguous fixed counters      = 0x0 (0)
      bit width of fixed counters              = 0x0 (0)
      anythread deprecation                    = false

------------

Intel, 6.13 (enable_pmu=N), EPYC.

orabug: /sys/module/kvm/parameters/enable_pmu is N
orabug: pmu_cap=0
orabug: version=0, pmc=0, fixed=0
orabug: pmu_cap=0
orabug: version=0, pmc=0, fixed=0
orabug: pmu_cap=0
orabug: version=0, pmc=0, fixed=0
orabug: pmu_cap=0
orabug: version=0, pmc=0, fixed=0

[    0.339056] Performance Events: no PMU driver, software events only.
[    0.342107] NMI watchdog: Perf NMI watchdog permanently disabled

[root@vm ~]# cpuid -1 -l 0xa
CPU:
   Architecture Performance Monitoring Features (0xa):
      version ID                               = 0x0 (0)
      number of counters per logical processor = 0x0 (0)
      bit width of counter                     = 0x0 (0)
      length of EBX bit vector                 = 0x0 (0)
      number of contiguous fixed counters      = 0x0 (0)
      bit width of fixed counters              = 0x0 (0)
      anythread deprecation                    = false

------------

Intel, 6.13 (enable_pmu=N), EPYC,+pmu.

orabug: /sys/module/kvm/parameters/enable_pmu is N
qemu-system-x86_64: Failed to enable PMU since KVM's enable_pmu parameter is disabled

------------

Intel, 6.13 (enable_pmu=N), EPYC,-pmu.

orabug: /sys/module/kvm/parameters/enable_pmu is N
orabug: pmu_cap=0
orabug: version=0, pmc=0, fixed=0
orabug: pmu_cap=0
orabug: version=0, pmc=0, fixed=0
orabug: pmu_cap=0
orabug: version=0, pmc=0, fixed=0
orabug: pmu_cap=0
orabug: version=0, pmc=0, fixed=0

[    0.337605] Performance Events: no PMU driver, software events only.
[    0.340662] NMI watchdog: Perf NMI watchdog permanently disabled

[root@vm ~]# cpuid -1 -l 0xa
CPU:
   Architecture Performance Monitoring Features (0xa):
      version ID                               = 0x0 (0)
      number of counters per logical processor = 0x0 (0)
      bit width of counter                     = 0x0 (0)
      length of EBX bit vector                 = 0x0 (0)
      number of contiguous fixed counters      = 0x0 (0)
      bit width of fixed counters              = 0x0 (0)
      anythread deprecation                    = false

------------
