------------

AMD, 5.15, host.

------------

AMD, 5.15, host,-pmu.

------------

AMD, 5.15, Skylake-Server.

------------

AMD, 5.15, Skylake-Server,+pmu.

------------

AMD, 5.15, Skylake-Server,-pmu.

------------

AMD, 6.13, host.

pmu is enabled
/sys/module/kvm/parameters/enable_pmu is Y
host_vendor=AuthenticAMD
pmu_cap=1
version=2, pmc=6, fixed=0
host_vendor=AuthenticAMD
pmu_cap=1
version=2, pmc=6, fixed=0
host_vendor=AuthenticAMD
pmu_cap=1
version=2, pmc=6, fixed=0
host_vendor=AuthenticAMD
pmu_cap=1
version=2, pmc=6, fixed=0
kvm_put_msrs() reset AMD
kvm_put_msrs() reset AMD
kvm_put_msrs() reset AMD
kvm_put_msrs() reset AMD
kvm_get_msrs() reset AMD
kvm_get_msrs() reset AMD
kvm_get_msrs() reset AMD
kvm_get_msrs() reset AMD
kvm_put_msrs() reset AMD
kvm_put_msrs() reset AMD
kvm_put_msrs() reset AMD
kvm_put_msrs() reset AMD
kvm_get_msrs() reset AMD

[    0.253675] Performance Events: Fam17h+ core perfctr, AMD PMU driver.

[root@vm ~]# cpuid -1 -l 0x80000022
CPU:
   Extended Performance Monitoring and Debugging (0x80000022):
      AMD performance monitoring V2         = true
      AMD LBR V2                            = false
      AMD LBR stack & PMC freezing          = false
      number of core perf ctrs              = 0x6 (6)
      number of LBR stack entries           = 0x0 (0)
      number of avail Northbridge perf ctrs = 0x0 (0)
      number of available UMC PMCs          = 0x0 (0)
      active UMCs bitmask                   = 0x0

------------

AMD, 6.13, host,-pmu.

pmu is disabled
pmu_cap=1
version=0, pmc=0, fixed=0
pmu_cap=1
version=0, pmc=0, fixed=0
pmu_cap=1
version=0, pmc=0, fixed=0
pmu_cap=1
version=0, pmc=0, fixed=0

[    0.254505] Performance Events: PMU not available due to virtualization, using software events only.
[    0.257605] NMI watchdog: Perf NMI watchdog permanently disabled

[root@vm ~]# cpuid -1 -l 0x80000022
CPU:
   Extended Performance Monitoring and Debugging (0x80000022):
      AMD performance monitoring V2         = false
      AMD LBR V2                            = false
      AMD LBR stack & PMC freezing          = false
      number of core perf ctrs              = 0x0 (0)
      number of LBR stack entries           = 0x0 (0)
      number of avail Northbridge perf ctrs = 0x0 (0)
      number of available UMC PMCs          = 0x0 (0)
      active UMCs bitmask                   = 0x0

------------

AMD, 6.13, Skylake-Server.

pmu is disabled
pmu_cap=1
version=0, pmc=0, fixed=0
pmu_cap=1
version=0, pmc=0, fixed=0
pmu_cap=1
version=0, pmc=0, fixed=0
pmu_cap=1
version=0, pmc=0, fixed=0

[    0.239613] Performance Events: PMU not available due to virtualization, using software events only.
[    0.242688] NMI watchdog: Perf NMI watchdog permanently disabled

[root@vm ~]# cpuid -1 -l 0x80000022
CPU:
   Extended Performance Monitoring and Debugging (0x80000022):
      AMD performance monitoring V2         = false
      AMD LBR V2                            = false
      AMD LBR stack & PMC freezing          = false
      number of core perf ctrs              = 0x0 (0)
      number of LBR stack entries           = 0x0 (0)
      number of avail Northbridge perf ctrs = 0x0 (0)
      number of available UMC PMCs          = 0x0 (0)
      active UMCs bitmask                   = 0x0

------------

AMD, 6.13, Skylake-Server,+pmu.

pmu is enabled
/sys/module/kvm/parameters/enable_pmu is Y
host_vendor=AuthenticAMD
pmu_cap=1
version=1, pmc=4, fixed=0
host_vendor=AuthenticAMD
pmu_cap=1
version=1, pmc=4, fixed=0
host_vendor=AuthenticAMD
pmu_cap=1
version=1, pmc=4, fixed=0
host_vendor=AuthenticAMD
pmu_cap=1
version=1, pmc=4, fixed=0
kvm_put_msrs() reset AMD
kvm_put_msrs() reset AMD
kvm_put_msrs() reset AMD
kvm_put_msrs() reset AMD
kvm_get_msrs() reset AMD
kvm_get_msrs() reset AMD
kvm_get_msrs() reset AMD
kvm_get_msrs() reset AMD
kvm_put_msrs() reset AMD
kvm_put_msrs() reset AMD
kvm_put_msrs() reset AMD
kvm_put_msrs() reset AMD
kvm_get_msrs() reset AMD
kvm_get_msrs() reset AMD
kvm_get_msrs() reset AMD
kvm_get_msrs() reset AMD
kvm_get_msrs() reset AMD
kvm_get_msrs() reset AMD
kvm_get_msrs() reset AMD
kvm_get_msrs() reset AMD
kvm_get_msrs() reset AMD

[    0.241381] Performance Events: AMD PMU driver.

[root@vm ~]# cpuid -1 -l 0x80000022
CPU:
   Extended Performance Monitoring and Debugging (0x80000022):
      AMD performance monitoring V2         = false
      AMD LBR V2                            = false
      AMD LBR stack & PMC freezing          = false
      number of core perf ctrs              = 0x0 (0)
      number of LBR stack entries           = 0x0 (0)
      number of avail Northbridge perf ctrs = 0x0 (0)
      number of available UMC PMCs          = 0x0 (0)
      active UMCs bitmask                   = 0x0

------------

AMD, 6.13, Skylake-Server,-pmu.

pmu is disabled
pmu_cap=1
version=0, pmc=0, fixed=0
pmu_cap=1
version=0, pmc=0, fixed=0
pmu_cap=1
version=0, pmc=0, fixed=0
pmu_cap=1
version=0, pmc=0, fixed=0

[    0.237238] Performance Events: PMU not available due to virtualization, using software events only.
[    0.240308] NMI watchdog: Perf NMI watchdog permanently disabled

[root@vm ~]# cpuid -1 -l 0x80000022
CPU:
   Extended Performance Monitoring and Debugging (0x80000022):
      AMD performance monitoring V2         = false
      AMD LBR V2                            = false
      AMD LBR stack & PMC freezing          = false
      number of core perf ctrs              = 0x0 (0)
      number of LBR stack entries           = 0x0 (0)
      number of avail Northbridge perf ctrs = 0x0 (0)
      number of available UMC PMCs          = 0x0 (0)
      active UMCs bitmask                   = 0x0

------------

AMD, 6.13 (enable_pmu=N), host.

pmu is enabled
/sys/module/kvm/parameters/enable_pmu is N
qemu-system-x86_64: warning: Failed to enable PMU since KVM's enable_pmu parameter is disabled
host_vendor=AuthenticAMD
pmu_cap=0
version=1, pmc=4, fixed=0
host_vendor=AuthenticAMD
pmu_cap=0
version=1, pmc=4, fixed=0
host_vendor=AuthenticAMD
pmu_cap=0
version=1, pmc=4, fixed=0
host_vendor=AuthenticAMD
pmu_cap=0
version=1, pmc=4, fixed=0
(qemu) kvm_put_msrs() reset AMD
kvm_put_msrs() reset AMD
kvm_put_msrs() reset AMD
kvm_put_msrs() reset AMD
kvm_get_msrs() reset AMD
kvm_get_msrs() reset AMD
kvm_get_msrs() reset AMD
kvm_get_msrs() reset AMD
kvm_put_msrs() reset AMD
kvm_put_msrs() reset AMD
kvm_put_msrs() reset AMD
kvm_put_msrs() reset AMD
kvm_get_msrs() reset AMD
kvm_get_msrs() reset AMD
kvm_get_msrs() reset AMD
kvm_get_msrs() reset AMD
kvm_get_msrs() reset AMD
kvm_get_msrs() reset AMD
kvm_get_msrs() reset AMD
kvm_get_msrs() reset AMD
kvm_get_msrs() reset AMD
kvm_get_msrs() reset AMD
kvm_get_msrs() reset AMD
kvm_get_msrs() reset AMD
kvm_get_msrs() reset AMD
kvm_get_msrs() reset AMD
kvm_get_msrs() reset AMD

------------

AMD, 6.13 (enable_pmu=N), host,-pmu.

------------

AMD, 6.13 (enable_pmu=N), Skylake-Server.

------------

AMD, 6.13 (enable_pmu=N), Skylake-Server,+pmu.

------------

AMD, 6.13 (enable_pmu=N), Skylake-Server,-pmu.

------------
