------------

Intel, 5.15, host.

pmu is enabled
host_vendor=GenuineIntel
vendor compatible!
pmu_cap=0, kvm_pmu_disabled=0
version=2, pmc=8, fixed=3
host_vendor=GenuineIntel
vendor compatible!
pmu_cap=0, kvm_pmu_disabled=0
version=2, pmc=8, fixed=3
host_vendor=GenuineIntel
vendor compatible!
pmu_cap=0, kvm_pmu_disabled=0
version=2, pmc=8, fixed=3
host_vendor=GenuineIntel
vendor compatible!
pmu_cap=0, kvm_pmu_disabled=0
version=2, pmc=8, fixed=3
kvm_put_msrs() reset Intel or Zhaoxin
kvm_put_msrs() reset Intel or Zhaoxin
kvm_put_msrs() reset Intel or Zhaoxin
kvm_put_msrs() reset Intel or Zhaoxin
kvm_get_msrs() reset Intel or Zhaoxin
kvm_get_msrs() reset Intel or Zhaoxin
kvm_get_msrs() reset Intel or Zhaoxin
kvm_get_msrs() reset Intel or Zhaoxin
kvm_put_msrs() reset Intel or Zhaoxin
kvm_put_msrs() reset Intel or Zhaoxin
kvm_put_msrs() reset Intel or Zhaoxin
kvm_put_msrs() reset Intel or Zhaoxin
kvm_get_msrs() reset Intel or Zhaoxin
kvm_get_msrs() reset Intel or Zhaoxin
kvm_get_msrs() reset Intel or Zhaoxin
kvm_get_msrs() reset Intel or Zhaoxin
kvm_get_msrs() reset Intel or Zhaoxin
kvm_get_msrs() reset Intel or Zhaoxin
kvm_get_msrs() reset Intel or Zhaoxin

[    0.248493] Performance Events: Icelake events, full-width counters, Intel PMU driver.

[root@vm ~]# cpuid -1 -l 0xa
CPU:
   Architecture Performance Monitoring Features (0xa):
      version ID                               = 0x2 (2)
      number of counters per logical processor = 0x8 (8)
      bit width of counter                     = 0x30 (48)
      length of EBX bit vector                 = 0x8 (8)
      core cycle event                         = available
      instruction retired event                = available
      reference cycles event                   = available
      last-level cache ref event               = available
      last-level cache miss event              = available
      branch inst retired event                = available
      branch mispred retired event             = available
      top-down slots event                     = available
... ...
      number of contiguous fixed counters      = 0x3 (3)
      bit width of fixed counters              = 0x30 (48)
      anythread deprecation                    = true

------------

Intel, 5.15, host,-pmu.

pmu is disabled
pmu_cap=0, kvm_pmu_disabled=0
version=0, pmc=0, fixed=0
pmu_cap=0, kvm_pmu_disabled=0
version=0, pmc=0, fixed=0
pmu_cap=0, kvm_pmu_disabled=0
version=0, pmc=0, fixed=0
pmu_cap=0, kvm_pmu_disabled=0
version=0, pmc=0, fixed=0

[    0.248303] Performance Events: unsupported p6 CPU model 106 no PMU driver, software events only.
[    0.250364] NMI watchdog: Perf NMI watchdog permanently disabled

[root@vm ~]# cpuid -1 -l 0xa
CPU:
   Architecture Performance Monitoring Features (0xa):
      version ID                               = 0x0 (0)
      number of counters per logical processor = 0x0 (0)
      bit width of counter                     = 0x0 (0)
      length of EBX bit vector                 = 0x0 (0)
      core cycle event                         = not available
      instruction retired event                = not available
      reference cycles event                   = not available
      last-level cache ref event               = not available
      last-level cache miss event              = not available
      branch inst retired event                = not available
      branch mispred retired event             = not available
      top-down slots event                     = not available
... ...
      number of contiguous fixed counters      = 0x0 (0)
      bit width of fixed counters              = 0x0 (0)
      anythread deprecation                    = false

------------

Intel, 5.15, EPYC.

pmu is disabled
pmu_cap=0, kvm_pmu_disabled=0
version=0, pmc=0, fixed=0
pmu_cap=0, kvm_pmu_disabled=0
version=0, pmc=0, fixed=0
pmu_cap=0, kvm_pmu_disabled=0
version=0, pmc=0, fixed=0
pmu_cap=0, kvm_pmu_disabled=0
version=0, pmc=0, fixed=0

[    0.357267] Performance Events: no PMU driver, software events only.
[    0.360329] NMI watchdog: Perf NMI watchdog permanently disabled

[root@vm ~]# cpuid -1 -l 0xa
CPU:
   Architecture Performance Monitoring Features (0xa):
      version ID                               = 0x0 (0)
      number of counters per logical processor = 0x0 (0)
      bit width of counter                     = 0x0 (0)
      length of EBX bit vector                 = 0x0 (0)
      core cycle event                         = not available
      instruction retired event                = not available
      reference cycles event                   = not available
      last-level cache ref event               = not available
      last-level cache miss event              = not available
      branch inst retired event                = not available
      branch mispred retired event             = not available
      top-down slots event                     = not available
... ...
      number of contiguous fixed counters      = 0x0 (0)
      bit width of fixed counters              = 0x0 (0)
      anythread deprecation                    = false

------------

Intel, 5.15, EPYC,+pmu.

pmu is enabled
host_vendor=GenuineIntel
vendor compatible!
pmu_cap=0, kvm_pmu_disabled=0
version=2, pmc=8, fixed=3
host_vendor=GenuineIntel
vendor compatible!
pmu_cap=0, kvm_pmu_disabled=0
version=2, pmc=8, fixed=3
host_vendor=GenuineIntel
vendor compatible!
pmu_cap=0, kvm_pmu_disabled=0
version=2, pmc=8, fixed=3
host_vendor=GenuineIntel
vendor compatible!
pmu_cap=0, kvm_pmu_disabled=0
version=2, pmc=8, fixed=3
kvm_put_msrs() reset Intel or Zhaoxin
kvm_put_msrs() reset Intel or Zhaoxin
kvm_put_msrs() reset Intel or Zhaoxin
kvm_put_msrs() reset Intel or Zhaoxin
kvm_get_msrs() reset Intel or Zhaoxin
kvm_get_msrs() reset Intel or Zhaoxin
kvm_get_msrs() reset Intel or Zhaoxin
kvm_get_msrs() reset Intel or Zhaoxin
kvm_put_msrs() reset Intel or Zhaoxin
kvm_put_msrs() reset Intel or Zhaoxin
kvm_put_msrs() reset Intel or Zhaoxin
kvm_put_msrs() reset Intel or Zhaoxin
kvm_get_msrs() reset Intel or Zhaoxin
kvm_get_msrs() reset Intel or Zhaoxin
kvm_get_msrs() reset Intel or Zhaoxin
kvm_get_msrs() reset Intel or Zhaoxin
kvm_get_msrs() reset Intel or Zhaoxin
kvm_get_msrs() reset Intel or Zhaoxin
kvm_get_msrs() reset Intel or Zhaoxin

[    0.356397] Performance Events: generic architected perfmon, Intel PMU driver.

[root@vm ~]# cpuid -1 -l 0xa
CPU:
   Architecture Performance Monitoring Features (0xa):
      version ID                               = 0x2 (2)
      number of counters per logical processor = 0x8 (8)
      bit width of counter                     = 0x30 (48)
      length of EBX bit vector                 = 0x8 (8)
      core cycle event                         = available
      instruction retired event                = available
      reference cycles event                   = available
      last-level cache ref event               = available
      last-level cache miss event              = available
      branch inst retired event                = available
      branch mispred retired event             = available
      top-down slots event                     = available
... ...
      number of contiguous fixed counters      = 0x3 (3)
      bit width of fixed counters              = 0x30 (48)
      anythread deprecation                    = true

------------

Intel, 5.15, EPYC,-pmu.

pmu is disabled
pmu_cap=0, kvm_pmu_disabled=0
version=0, pmc=0, fixed=0
pmu_cap=0, kvm_pmu_disabled=0
version=0, pmc=0, fixed=0
pmu_cap=0, kvm_pmu_disabled=0
version=0, pmc=0, fixed=0
pmu_cap=0, kvm_pmu_disabled=0
version=0, pmc=0, fixed=0

[root@vm ~]# dmesg | grep Perf
[    0.358063] Performance Events: no PMU driver, software events only.
[    0.361123] NMI watchdog: Perf NMI watchdog permanently disabled

[root@vm ~]# cpuid -1 -l 0xa
CPU:
   Architecture Performance Monitoring Features (0xa):
      version ID                               = 0x0 (0)
      number of counters per logical processor = 0x0 (0)
      bit width of counter                     = 0x0 (0)
      length of EBX bit vector                 = 0x0 (0)
      core cycle event                         = not available
      instruction retired event                = not available
      reference cycles event                   = not available
      last-level cache ref event               = not available
      last-level cache miss event              = not available
      branch inst retired event                = not available
      branch mispred retired event             = not available
      top-down slots event                     = not available
... ...
      number of contiguous fixed counters      = 0x0 (0)
      bit width of fixed counters              = 0x0 (0)
      anythread deprecation                    = false

------------

Intel, 6.13, host.

/sys/module/kvm/parameters/enable_pmu is Y
pmu is enabled
host_vendor=GenuineIntel
vendor compatible!
pmu_cap=1, kvm_pmu_disabled=0
version=2, pmc=8, fixed=3
host_vendor=GenuineIntel
vendor compatible!
pmu_cap=1, kvm_pmu_disabled=0
version=2, pmc=8, fixed=3
host_vendor=GenuineIntel
vendor compatible!
pmu_cap=1, kvm_pmu_disabled=0
version=2, pmc=8, fixed=3
host_vendor=GenuineIntel
vendor compatible!
pmu_cap=1, kvm_pmu_disabled=0
version=2, pmc=8, fixed=3
kvm_put_msrs() reset Intel or Zhaoxin
kvm_put_msrs() reset Intel or Zhaoxin
kvm_put_msrs() reset Intel or Zhaoxin
kvm_put_msrs() reset Intel or Zhaoxin
kvm_get_msrs() reset Intel or Zhaoxin
kvm_get_msrs() reset Intel or Zhaoxin
kvm_get_msrs() reset Intel or Zhaoxin
kvm_get_msrs() reset Intel or Zhaoxin
kvm_put_msrs() reset Intel or Zhaoxin
kvm_put_msrs() reset Intel or Zhaoxin
kvm_put_msrs() reset Intel or Zhaoxin
kvm_put_msrs() reset Intel or Zhaoxin
kvm_get_msrs() reset Intel or Zhaoxin

[    0.255817] Performance Events: PEBS fmt0-, Icelake events, full-width counters, Intel PMU driver.

[root@vm ~]# cpuid -1 -l 0xa
CPU:
   Architecture Performance Monitoring Features (0xa):
      version ID                               = 0x2 (2)
      number of counters per logical processor = 0x8 (8)
      bit width of counter                     = 0x30 (48)
      length of EBX bit vector                 = 0x8 (8)
      core cycle event                         = available
      instruction retired event                = available
      reference cycles event                   = available
      last-level cache ref event               = available
      last-level cache miss event              = available
      branch inst retired event                = available
      branch mispred retired event             = available
      top-down slots event                     = available
... ...
      number of contiguous fixed counters      = 0x3 (3)
      bit width of fixed counters              = 0x30 (48)
      anythread deprecation                    = true

------------

Intel, 6.13, host,-pmu.

/sys/module/kvm/parameters/enable_pmu is Y
pmu is disabled
pmu_cap=1, kvm_pmu_disabled=0
version=0, pmc=0, fixed=0
pmu_cap=1, kvm_pmu_disabled=0
version=0, pmc=0, fixed=0
pmu_cap=1, kvm_pmu_disabled=0
version=0, pmc=0, fixed=0
pmu_cap=1, kvm_pmu_disabled=0
version=0, pmc=0, fixed=0

[    0.250593] Performance Events: unsupported p6 CPU model 106 no PMU driver, software events only.
[    0.252655] NMI watchdog: Perf NMI watchdog permanently disabled

[root@vm ~]# cpuid -1 -l 0xa
CPU:
   Architecture Performance Monitoring Features (0xa):
      version ID                               = 0x0 (0)
      number of counters per logical processor = 0x0 (0)
      bit width of counter                     = 0x0 (0)
      length of EBX bit vector                 = 0x0 (0)
      core cycle event                         = not available
      instruction retired event                = not available
      reference cycles event                   = not available
      last-level cache ref event               = not available
      last-level cache miss event              = not available
      branch inst retired event                = not available
      branch mispred retired event             = not available
      top-down slots event                     = not available
... ...
      number of contiguous fixed counters      = 0x0 (0)
      bit width of fixed counters              = 0x0 (0)
      anythread deprecation                    = false

------------

Intel, 6.13, EPYC.

/sys/module/kvm/parameters/enable_pmu is Y
pmu is disabled
pmu_cap=1, kvm_pmu_disabled=0
version=0, pmc=0, fixed=0
pmu_cap=1, kvm_pmu_disabled=0
version=0, pmc=0, fixed=0
pmu_cap=1, kvm_pmu_disabled=0
version=0, pmc=0, fixed=0
pmu_cap=1, kvm_pmu_disabled=0
version=0, pmc=0, fixed=0

[    0.340755] Performance Events: no PMU driver, software events only.
[    0.343822] NMI watchdog: Perf NMI watchdog permanently disabled

[root@vm ~]# cpuid -1 -l 0xa
CPU:
   Architecture Performance Monitoring Features (0xa):
      version ID                               = 0x0 (0)
      number of counters per logical processor = 0x0 (0)
      bit width of counter                     = 0x0 (0)
      length of EBX bit vector                 = 0x0 (0)
      core cycle event                         = not available
      instruction retired event                = not available
      reference cycles event                   = not available
      last-level cache ref event               = not available
      last-level cache miss event              = not available
      branch inst retired event                = not available
      branch mispred retired event             = not available
      top-down slots event                     = not available
... ...
      number of contiguous fixed counters      = 0x0 (0)
      bit width of fixed counters              = 0x0 (0)
      anythread deprecation                    = false

------------

Intel, 6.13, EPYC,+pmu.

/sys/module/kvm/parameters/enable_pmu is Y
pmu is enabled
host_vendor=GenuineIntel
vendor compatible!
pmu_cap=1, kvm_pmu_disabled=0
version=2, pmc=8, fixed=3
host_vendor=GenuineIntel
vendor compatible!
pmu_cap=1, kvm_pmu_disabled=0
version=2, pmc=8, fixed=3
host_vendor=GenuineIntel
vendor compatible!
pmu_cap=1, kvm_pmu_disabled=0
version=2, pmc=8, fixed=3
host_vendor=GenuineIntel
vendor compatible!
pmu_cap=1, kvm_pmu_disabled=0
version=2, pmc=8, fixed=3
kvm_put_msrs() reset Intel or Zhaoxin
kvm_put_msrs() reset Intel or Zhaoxin
kvm_put_msrs() reset Intel or Zhaoxin
kvm_put_msrs() reset Intel or Zhaoxin
kvm_get_msrs() reset Intel or Zhaoxin
kvm_get_msrs() reset Intel or Zhaoxin
kvm_get_msrs() reset Intel or Zhaoxin
kvm_get_msrs() reset Intel or Zhaoxin
kvm_put_msrs() reset Intel or Zhaoxin
kvm_put_msrs() reset Intel or Zhaoxin
kvm_put_msrs() reset Intel or Zhaoxin
kvm_put_msrs() reset Intel or Zhaoxin
kvm_get_msrs() reset Intel or Zhaoxin
kvm_get_msrs() reset Intel or Zhaoxin
kvm_get_msrs() reset Intel or Zhaoxin
kvm_get_msrs() reset Intel or Zhaoxin
kvm_get_msrs() reset Intel or Zhaoxin
kvm_get_msrs() reset Intel or Zhaoxin
kvm_get_msrs() reset Intel or Zhaoxin

[    0.340000] Performance Events: generic architected perfmon, Intel PMU driver.

[root@vm ~]# cpuid -1 -l 0xa
CPU:
   Architecture Performance Monitoring Features (0xa):
      version ID                               = 0x2 (2)
      number of counters per logical processor = 0x8 (8)
      bit width of counter                     = 0x30 (48)
      length of EBX bit vector                 = 0x8 (8)
      core cycle event                         = available
      instruction retired event                = available
      reference cycles event                   = available
      last-level cache ref event               = available
      last-level cache miss event              = available
      branch inst retired event                = available
      branch mispred retired event             = available
      top-down slots event                     = available
... ...
      number of contiguous fixed counters      = 0x3 (3)
      bit width of fixed counters              = 0x30 (48)
      anythread deprecation                    = true

------------

Intel, 6.13, EPYC,-pmu.

/sys/module/kvm/parameters/enable_pmu is Y
pmu is disabled
pmu_cap=1, kvm_pmu_disabled=0
version=0, pmc=0, fixed=0
pmu_cap=1, kvm_pmu_disabled=0
version=0, pmc=0, fixed=0
pmu_cap=1, kvm_pmu_disabled=0
version=0, pmc=0, fixed=0
pmu_cap=1, kvm_pmu_disabled=0
version=0, pmc=0, fixed=0

[    0.336182] Performance Events: no PMU driver, software events only.
[    0.339235] NMI watchdog: Perf NMI watchdog permanently disabled

[root@vm ~]# cpuid -1 -l 0xa
CPU:
   Architecture Performance Monitoring Features (0xa):
      version ID                               = 0x0 (0)
      number of counters per logical processor = 0x0 (0)
      bit width of counter                     = 0x0 (0)
      length of EBX bit vector                 = 0x0 (0)
      core cycle event                         = not available
      instruction retired event                = not available
      reference cycles event                   = not available
      last-level cache ref event               = not available
      last-level cache miss event              = not available
      branch inst retired event                = not available
      branch mispred retired event             = not available
      top-down slots event                     = not available
... ...
      number of contiguous fixed counters      = 0x0 (0)
      bit width of fixed counters              = 0x0 (0)
      anythread deprecation                    = false

------------

Intel, 6.13 (enable_pmu=N), host.

/sys/module/kvm/parameters/enable_pmu is N
pmu is enabled
qemu-system-x86_64: warning: Failed to enable PMU since KVM's enable_pmu parameter is disabled
PMU is disabled by module
pmu_cap=0, kvm_pmu_disabled=1
version=0, pmc=0, fixed=0
PMU is disabled by module
pmu_cap=0, kvm_pmu_disabled=1
version=0, pmc=0, fixed=0
PMU is disabled by module
pmu_cap=0, kvm_pmu_disabled=1
version=0, pmc=0, fixed=0
PMU is disabled by module
pmu_cap=0, kvm_pmu_disabled=1
version=0, pmc=0, fixed=0

[    0.252851] Performance Events: unsupported p6 CPU model 106 no PMU driver, software events only.
[    0.254913] NMI watchdog: Perf NMI watchdog permanently disabled

[root@vm ~]# cpuid -1 -l 0xa
CPU:
   Architecture Performance Monitoring Features (0xa):
      version ID                               = 0x0 (0)
      number of counters per logical processor = 0x0 (0)
      bit width of counter                     = 0x0 (0)
      length of EBX bit vector                 = 0x0 (0)
      core cycle event                         = not available
      instruction retired event                = not available
      reference cycles event                   = not available
      last-level cache ref event               = not available
      last-level cache miss event              = not available
      branch inst retired event                = not available
      branch mispred retired event             = not available
      top-down slots event                     = not available
... ...
      number of contiguous fixed counters      = 0x0 (0)
      bit width of fixed counters              = 0x0 (0)
      anythread deprecation                    = false

------------

Intel, 6.13 (enable_pmu=N), host,-pmu.

/sys/module/kvm/parameters/enable_pmu is N
pmu is disabled
PMU is disabled by module
pmu_cap=0, kvm_pmu_disabled=1
version=0, pmc=0, fixed=0
PMU is disabled by module
pmu_cap=0, kvm_pmu_disabled=1
version=0, pmc=0, fixed=0
PMU is disabled by module
pmu_cap=0, kvm_pmu_disabled=1
version=0, pmc=0, fixed=0
PMU is disabled by module
pmu_cap=0, kvm_pmu_disabled=1
version=0, pmc=0, fixed=0

[    0.253542] Performance Events: unsupported p6 CPU model 106 no PMU driver, software events only.
[    0.255606] NMI watchdog: Perf NMI watchdog permanently disabled

[root@vm ~]# cpuid -1 -l 0xa
CPU:
   Architecture Performance Monitoring Features (0xa):
      version ID                               = 0x0 (0)
      number of counters per logical processor = 0x0 (0)
      bit width of counter                     = 0x0 (0)
      length of EBX bit vector                 = 0x0 (0)
      core cycle event                         = not available
      instruction retired event                = not available
      reference cycles event                   = not available
      last-level cache ref event               = not available
      last-level cache miss event              = not available
      branch inst retired event                = not available
      branch mispred retired event             = not available
      top-down slots event                     = not available
... ...
      number of contiguous fixed counters      = 0x0 (0)
      bit width of fixed counters              = 0x0 (0)
      anythread deprecation                    = false

------------

Intel, 6.13 (enable_pmu=N), EPYC.

/sys/module/kvm/parameters/enable_pmu is N
pmu is disabled
PMU is disabled by module
pmu_cap=0, kvm_pmu_disabled=1
version=0, pmc=0, fixed=0
PMU is disabled by module
pmu_cap=0, kvm_pmu_disabled=1
version=0, pmc=0, fixed=0
PMU is disabled by module
pmu_cap=0, kvm_pmu_disabled=1
version=0, pmc=0, fixed=0
PMU is disabled by module
pmu_cap=0, kvm_pmu_disabled=1
version=0, pmc=0, fixed=0

[    0.337348] Performance Events: no PMU driver, software events only.
[    0.340410] NMI watchdog: Perf NMI watchdog permanently disabled

[root@vm ~]# cpuid -1 -l 0xa
CPU:
   Architecture Performance Monitoring Features (0xa):
      version ID                               = 0x0 (0)
      number of counters per logical processor = 0x0 (0)
      bit width of counter                     = 0x0 (0)
      length of EBX bit vector                 = 0x0 (0)
      core cycle event                         = not available
      instruction retired event                = not available
      reference cycles event                   = not available
      last-level cache ref event               = not available
      last-level cache miss event              = not available
      branch inst retired event                = not available
      branch mispred retired event             = not available
      top-down slots event                     = not available
... ...
      number of contiguous fixed counters      = 0x0 (0)
      bit width of fixed counters              = 0x0 (0)
      anythread deprecation                    = false

------------

Intel, 6.13 (enable_pmu=N), EPYC,+pmu.

/sys/module/kvm/parameters/enable_pmu is N
pmu is enabled
qemu-system-x86_64: warning: Failed to enable PMU since KVM's enable_pmu parameter is disabled
PMU is disabled by module
pmu_cap=0, kvm_pmu_disabled=1
version=0, pmc=0, fixed=0
PMU is disabled by module
pmu_cap=0, kvm_pmu_disabled=1
version=0, pmc=0, fixed=0
PMU is disabled by module
pmu_cap=0, kvm_pmu_disabled=1
version=0, pmc=0, fixed=0
PMU is disabled by module
pmu_cap=0, kvm_pmu_disabled=1
version=0, pmc=0, fixed=0

[    0.335111] Performance Events: no PMU driver, software events only.
[    0.338165] NMI watchdog: Perf NMI watchdog permanently disabled

[root@vm ~]# cpuid -1 -l 0xa
CPU:
   Architecture Performance Monitoring Features (0xa):
      version ID                               = 0x0 (0)
      number of counters per logical processor = 0x0 (0)
      bit width of counter                     = 0x0 (0)
      length of EBX bit vector                 = 0x0 (0)
      core cycle event                         = not available
      instruction retired event                = not available
      reference cycles event                   = not available
      last-level cache ref event               = not available
      last-level cache miss event              = not available
      branch inst retired event                = not available
      branch mispred retired event             = not available
      top-down slots event                     = not available
... ...
      number of contiguous fixed counters      = 0x0 (0)
      bit width of fixed counters              = 0x0 (0)
      anythread deprecation                    = false

------------

Intel, 6.13 (enable_pmu=N), EPYC,-pmu.

/sys/module/kvm/parameters/enable_pmu is N
QEMU 9.2.94 monitor - type 'help' for more information
pmu is disabled
PMU is disabled by module
pmu_cap=0, kvm_pmu_disabled=1
version=0, pmc=0, fixed=0
PMU is disabled by module
pmu_cap=0, kvm_pmu_disabled=1
version=0, pmc=0, fixed=0
PMU is disabled by module
pmu_cap=0, kvm_pmu_disabled=1
version=0, pmc=0, fixed=0
PMU is disabled by module
pmu_cap=0, kvm_pmu_disabled=1
version=0, pmc=0, fixed=0

[    0.336590] Performance Events: no PMU driver, software events only.
[    0.339649] NMI watchdog: Perf NMI watchdog permanently disabled

[root@vm ~]# cpuid -1 -l 0xa
CPU:
   Architecture Performance Monitoring Features (0xa):
      version ID                               = 0x0 (0)
      number of counters per logical processor = 0x0 (0)
      bit width of counter                     = 0x0 (0)
      length of EBX bit vector                 = 0x0 (0)
      core cycle event                         = not available
      instruction retired event                = not available
      reference cycles event                   = not available
      last-level cache ref event               = not available
      last-level cache miss event              = not available
      branch inst retired event                = not available
      branch mispred retired event             = not available
      top-down slots event                     = not available
... ...
      number of contiguous fixed counters      = 0x0 (0)
      bit width of fixed counters              = 0x0 (0)
      anythread deprecation                    = false

------------
